#-----------------------------------------------------------
# Vivado v2024.1 (64-bit)
# SW Build 5076996 on Wed May 22 18:37:14 MDT 2024
# IP Build 5075265 on Wed May 22 21:45:21 MDT 2024
# SharedData Build 5076995 on Wed May 22 18:29:18 MDT 2024
# Start of session at: Fri Nov  1 15:06:35 2024
# Process ID: 25084
# Current directory: C:/Users/tamka/OneDrive/Documents/Vivado_projects/lab_1_1/lab_1_1.runs/impl_3
# Command line: vivado.exe -log Full_adder.vdi -applog -product Vivado -messageDb vivado.pb -mode batch -source Full_adder.tcl -notrace
# Log file: C:/Users/tamka/OneDrive/Documents/Vivado_projects/lab_1_1/lab_1_1.runs/impl_3/Full_adder.vdi
# Journal file: C:/Users/tamka/OneDrive/Documents/Vivado_projects/lab_1_1/lab_1_1.runs/impl_3\vivado.jou
# Running On        :LAPTOP-8E795V2D
# Platform          :Windows Server 2016 or Windows 10
# Operating System  :22631
# Processor Detail  :11th Gen Intel(R) Core(TM) i5-11400H @ 2.70GHz
# CPU Frequency     :2688 MHz
# CPU Physical cores:6
# CPU Logical cores :12
# Host memory       :16906 MB
# Swap memory       :2550 MB
# Total Virtual     :19456 MB
# Available Virtual :4227 MB
#-----------------------------------------------------------
source Full_adder.tcl -notrace
