Copyright 1986-2022 Xilinx, Inc. All Rights Reserved. Copyright 2022-2024 Advanced Micro Devices, Inc. All Rights Reserved.
---------------------------------------------------------------------------------------------------------------------------------------------
| Tool Version : Vivado v.2024.1 (win64) Build 5076996 Wed May 22 18:37:14 MDT 2024
| Date         : Sun Oct 27 21:08:40 2024
| Host         : LAPTOP-8E795V2D running 64-bit major release  (build 9200)
| Command      : report_control_sets -verbose -file uart_txrx_control_sets_placed.rpt
| Design       : uart_txrx
| Device       : xc7a100t
---------------------------------------------------------------------------------------------------------------------------------------------

Control Set Information

Table of Contents
-----------------
1. Summary
2. Histogram
3. Flip-Flop Distribution
4. Detailed Control Set Information

1. Summary
----------

+----------------------------------------------------------+-------+
|                          Status                          | Count |
+----------------------------------------------------------+-------+
| Total control sets                                       |    13 |
|    Minimum number of control sets                        |    13 |
|    Addition due to synthesis replication                 |     0 |
|    Addition due to physical synthesis replication        |     0 |
| Unused register locations in slices containing registers |    43 |
+----------------------------------------------------------+-------+
* Control sets can be merged at opt_design using control_set_merge or merge_equivalent_drivers
** Run report_qor_suggestions for automated merging and remapping suggestions


2. Histogram
------------

+--------------------+-------+
|       Fanout       | Count |
+--------------------+-------+
| Total control sets |    13 |
| >= 0 to < 4        |     1 |
| >= 4 to < 6        |     2 |
| >= 6 to < 8        |     0 |
| >= 8 to < 10       |     4 |
| >= 10 to < 12      |     0 |
| >= 12 to < 14      |     0 |
| >= 14 to < 16      |     0 |
| >= 16              |     6 |
+--------------------+-------+
* Control sets can be remapped at either synth_design or opt_design


3. Flip-Flop Distribution
-------------------------

+--------------+-----------------------+------------------------+-----------------+--------------+
| Clock Enable | Synchronous Set/Reset | Asynchronous Set/Reset | Total Registers | Total Slices |
+--------------+-----------------------+------------------------+-----------------+--------------+
| No           | No                    | No                     |               1 |            1 |
| No           | No                    | Yes                    |              11 |            4 |
| No           | Yes                   | No                     |              41 |           15 |
| Yes          | No                    | No                     |               0 |            0 |
| Yes          | No                    | Yes                    |              24 |            6 |
| Yes          | Yes                   | No                     |              96 |           25 |
+--------------+-----------------------+------------------------+-----------------+--------------+


4. Detailed Control Set Information
-----------------------------------

+----------------+------------------------------------------------------------------------------------------------------------------------------+---------------------------------+------------------+----------------+--------------+
|  Clock Signal  |                                                         Enable Signal                                                        |         Set/Reset Signal        | Slice Load Count | Bel Load Count | Bels / Slice |
+----------------+------------------------------------------------------------------------------------------------------------------------------+---------------------------------+------------------+----------------+--------------+
|  clk_IBUF_BUFG |                                                                                                                              |                                 |                1 |              1 |         1.00 |
|  clk_IBUF_BUFG | RX/s_next                                                                                                                    | reset_IBUF                      |                2 |              4 |         2.00 |
|  clk_IBUF_BUFG | TX/s_next                                                                                                                    | reset_IBUF                      |                1 |              4 |         4.00 |
|  clk_IBUF_BUFG | RX/b_next                                                                                                                    | reset_IBUF                      |                2 |              8 |         4.00 |
|  clk_IBUF_BUFG | TX/b_next_0                                                                                                                  | reset_IBUF                      |                1 |              8 |         8.00 |
|  clk_IBUF_BUFG | rx_fifo/U0/inst_fifo_gen/gconvfifo.rf/grf.rf/gntv_or_sync_fifo.gl0.rd/gr1.gr1_int.rfwft/gpregsm1.curr_fwft_state_reg[1]_0[0] | reset_IBUF                      |                3 |              8 |         2.67 |
|  clk_IBUF_BUFG | tx_fifo/U0/inst_fifo_gen/gconvfifo.rf/grf.rf/gntv_or_sync_fifo.gl0.rd/gr1.gr1_int.rfwft/gpregsm1.curr_fwft_state_reg[1]_0[0] | reset_IBUF                      |                1 |              8 |         8.00 |
|  clk_IBUF_BUFG |                                                                                                                              | baud_rate_module/cnt[0]_i_1_n_0 |                5 |             17 |         3.40 |
|  clk_IBUF_BUFG | rx_fifo/U0/inst_fifo_gen/gconvfifo.rf/grf.rf/gntv_or_sync_fifo.gl0.rd/gr1.gr1_int.rfwft/E[0]                                 | reset_IBUF                      |                4 |             20 |         5.00 |
|  clk_IBUF_BUFG | rx_fifo/U0/inst_fifo_gen/gconvfifo.rf/grf.rf/gntv_or_sync_fifo.gl0.wr/gwss.wsts/wr_en_0[0]                                   | reset_IBUF                      |                6 |             20 |         3.33 |
|  clk_IBUF_BUFG | tx_fifo/U0/inst_fifo_gen/gconvfifo.rf/grf.rf/gntv_or_sync_fifo.gl0.rd/gr1.gr1_int.rfwft/E[0]                                 | reset_IBUF                      |                5 |             20 |         4.00 |
|  clk_IBUF_BUFG | tx_fifo/U0/inst_fifo_gen/gconvfifo.rf/grf.rf/gntv_or_sync_fifo.gl0.wr/gwss.wsts/wr_en_0[0]                                   | reset_IBUF                      |                6 |             20 |         3.33 |
|  clk_IBUF_BUFG |                                                                                                                              | reset_IBUF                      |               14 |             35 |         2.50 |
+----------------+------------------------------------------------------------------------------------------------------------------------------+---------------------------------+------------------+----------------+--------------+


